---
source: crates/patok-tui/tests/theme_modal.rs
expression: "draw(&app, 80, 24)"
---
             ┌ Builder | Claude ───────────────────────────────────────────────┐
[ Research  ]│no output yet                                                    │
      ↓      │                                                                 │
[   Plan    ]│                                                                 │
      ↓      │                                                                 │
[   Build   ]┌────────────────────── Theme ──────────────── [ x ] ┐            │
      ↓      │  dark                                              │────────────┘
[  Review   ]│  atom_one_dark                                     │────────────┐
             │  atom_one_light                                    │            │
[   Ship    ]│  tokyo_night_dark                                  │            │
[ Discover  ]│  tokyo_night_day                                   │            │
[ Learnings ]│  catppuccin_mocha                                  │            │
             │▶ catppuccin_latte                                  │            │
             │  solarized_dark                                    │            │
             │  solarized_light                                   │            │
             │  gruvbox_dark                                      │            │
             │  gruvbox_light                                     │            │
             │ ↑↓/jk previews      [ Enter ] Save  [ Esc ] Cancel │            │
             └────────────────────────────────────────────────────┘            │
             │                                                                 │
             │                                                                 │
             │ a add tasks · i inject task · Enter start build · ↑↓ scroll     │
             └─────────────────────────────────────────────────────────────────┘
 STOPPED  sprint  Enter  start build  ?  settings  t  theme  d  detach  q  quit
