---
source: crates/patok-tui/tests/ui.rs
expression: "draw(&app, 80, 24)"
---
            ┌ Builder ─────────────────────────────────────────────────────────┐
[ Research ]│no output yet                                                     │
    ┌ What do you want to do? ────────────────────────────────────── [ x ] ┐   │
[   │add a login page                                                      │   │
    │                                                                      │   │
[  B│                                                                      │   │
    │                                                                      │───┘
[  R│                                                                      │───┐
    │                                                                      │   │
[ Di│                                                                      │   │
    │                                                                      │   │
    │                                                                      │   │
    │                                                                      │   │
    │                                                                      │   │
    │                                                                      │   │
    │                                                                      │   │
    │                                                                      │   │
    │                                                                      │   │
    │                                                                      │   │
    │                                                                      │   │
    │ ↑↓←→ move · Shift-Enter new line ·   [ Enter ] Submit  [ Esc ] Close │   │
    └──────────────────────────────────────────────────────────────────────┘   │
            └──────────────────────────────────────────────────────────────────┘
 STOPPED  sprint  Enter  start build  ?  settings  t  theme  d  detach  q  quit
