---
source: crates/patok-tui/tests/ui.rs
expression: "draw(&app, 80, 14)"
---
            ┌ Builder ─────────────────────────────────────────────────────────┐
[ Research ]│no output yet                                                     │
      ↓     │                                                                  │
[   Plan   ]│                                                                  │
      ↓     │                                                                  │
[  Build   ]│                                                                  │
      ↓     └──────────────────────────────────────────────────────────────────┘
[  Review  ]┌ Tasks | 1/3 - 2 left ────────────────────────────────────────────┐
            │✔ T1.1  scaffold the workspace                                    │
[ Discover ]│○ T1.2  add the parser for task files                             │
            │○ T1.3  wire the engine to the shell                              │
            │ a add tasks · i inject task · Enter start · ↑↓ scroll            │
            └──────────────────────────────────────────────────────────────────┘
 STOPPED  sprint                                    [ Enter ] start  [ m ] menu
