---
source: crates/patok-tui/tests/ui.rs
expression: "draw(&app, 26, 10)"
---
            ┌ Builder ───┐
[ Research ]│no output ye│
      ↓     │            │
[   Plan   ]│            │
      ↓     │            │
[  Build   ]│            │
      ↓     └────────────┘
[  Review  ]┌ Tasks | 1/3┐
            └────────────┘
 STOPPED  sprint
