---
source: crates/patok-tui/tests/ui.rs
expression: screen
---
             ┌ Builder ────────────────────────────────────────────────────────┐
[ Research  ]│no output yet                                                    │
    ┌ What do you want to do? ────────────────────────────────────── [ x ] ┐   │
[   │Press Enter to run Discovery agent                                    │   │
    │                                                                      │   │
[   │                                                                      │   │
    │                                                                      │───┘
[  R│                                                                      │───┐
    │                                                                      │   │
[   │                                                                      │   │
[ Di│                                                                      │   │
[ Le│                                                                      │   │
    │                                                                      │   │
    │                                                                      │   │
    │                                                                      │   │
    │                                                                      │   │
    │                                                                      │   │
    │                                                                      │   │
    │                                                                      │   │
    │                                                                      │   │
    │ ↑↓←→ move · Shift-Enter new line ·    [ Enter ] Start  [ Esc ] Close │   │
    └──────────────────────────────────────────────────────────────────────┘   │
             └─────────────────────────────────────────────────────────────────┘
 STOPPED  sprint  Enter  start build  ?  settings  t  theme  d  detach  q  quit
